------------------------------------------------------------
TimeQuest Timing Analyzer Summary
------------------------------------------------------------

Type  : Slow 1200mV 85C Model Setup 'clk1'
Slack : -4.658
TNS   : -76.419

Type  : Slow 1200mV 85C Model Setup 'clk'
Slack : -2.951
TNS   : -66.601

Type  : Slow 1200mV 85C Model Hold 'clk1'
Slack : 0.388
TNS   : 0.000

Type  : Slow 1200mV 85C Model Hold 'clk'
Slack : 0.655
TNS   : 0.000

Type  : Slow 1200mV 85C Model Minimum Pulse Width 'clk'
Slack : -3.000
TNS   : -45.405

Type  : Slow 1200mV 85C Model Minimum Pulse Width 'clk1'
Slack : -1.285
TNS   : -46.260

Type  : Slow 1200mV 0C Model Setup 'clk1'
Slack : -4.221
TNS   : -68.069

Type  : Slow 1200mV 0C Model Setup 'clk'
Slack : -2.543
TNS   : -56.844

Type  : Slow 1200mV 0C Model Hold 'clk1'
Slack : 0.340
TNS   : 0.000

Type  : Slow 1200mV 0C Model Hold 'clk'
Slack : 0.600
TNS   : 0.000

Type  : Slow 1200mV 0C Model Minimum Pulse Width 'clk'
Slack : -3.000
TNS   : -45.405

Type  : Slow 1200mV 0C Model Minimum Pulse Width 'clk1'
Slack : -1.285
TNS   : -46.260

Type  : Fast 1200mV 0C Model Setup 'clk1'
Slack : -1.686
TNS   : -26.862

Type  : Fast 1200mV 0C Model Setup 'clk'
Slack : -0.965
TNS   : -16.755

Type  : Fast 1200mV 0C Model Hold 'clk1'
Slack : 0.172
TNS   : 0.000

Type  : Fast 1200mV 0C Model Hold 'clk'
Slack : 0.296
TNS   : 0.000

Type  : Fast 1200mV 0C Model Minimum Pulse Width 'clk'
Slack : -3.000
TNS   : -39.426

Type  : Fast 1200mV 0C Model Minimum Pulse Width 'clk1'
Slack : -1.000
TNS   : -36.000

------------------------------------------------------------
